
> projectmaker-ai-backend@1.0.0 dev
> nodemon server.js

[33m[nodemon] 3.1.14[39m
[33m[nodemon] to restart at any time, enter `rs`[39m
[33m[nodemon] watching path(s): *.*[39m
[33m[nodemon] watching extensions: js,mjs,cjs,json[39m
[32m[nodemon] starting `node server.js`[39m
Server running on port 5000
MongoDB Connected
[31m[nodemon] app crashed - waiting for file changes before starting...[39m
[32m[nodemon] restarting due to changes...[39m
[32m[nodemon] starting `node server.js`[39m
Server running on port 5000
MongoDB Connected
[32m[nodemon] restarting due to changes...[39m
[32m[nodemon] starting `node server.js`[39m
Port 5000 is already in use. The backend is probably already running.
Stop the existing backend process before starting another one, or change PORT in backend/.env.
[31m[nodemon] app crashed - waiting for file changes before starting...[39m
[32m[nodemon] restarting due to changes...[39m
[32m[nodemon] starting `node server.js`[39m
Server running on port 5000
MongoDB Connected
[32m[nodemon] restarting due to changes...[39m
[32m[nodemon] starting `node server.js`[39m
Port 5000 is already in use. The backend is probably already running.
Stop the existing backend process before starting another one, or change PORT in backend/.env.
[31m[nodemon] app crashed - waiting for file changes before starting...[39m
[32m[nodemon] restarting due to changes...[39m
[32m[nodemon] starting `node server.js`[39m
Server running on port 5000
MongoDB Connected
[31m[nodemon] app crashed - waiting for file changes before starting...[39m
[32m[nodemon] restarting due to changes...[39m
[32m[nodemon] starting `node server.js`[39m
Server running on port 5000
MongoDB Connected
AI ERROR: AI provider request timed out after 60 seconds
AI ERROR: AI provider request timed out after 60 seconds
[32m[nodemon] restarting due to changes...[39m
[32m[nodemon] starting `node server.js`[39m
Port 5000 is already in use. The backend is probably already running.
Stop the existing backend process before starting another one, or change PORT in backend/.env.
[31m[nodemon] app crashed - waiting for file changes before starting...[39m
